exports[`FriendListItem should render correctly 1`] = `
ShallowWrapper {
  Symbol(enzyme.__root__): [Circular],
  Symbol(enzyme.__unrendered__): <FriendListItem
    commonFriends={123}
    deleteFriend={[Function]}
    gender="Male"
    id={1}
    name="Theodore Roosevelt"
    starFriend={[Function]}
    starred={true} />,
  Symbol(enzyme.__renderer__): Object {
    "batchedUpdates": [Function],
    "checkPropTypes": [Function],
    "getNode": [Function],
    "render": [Function],
    "simulateError": [Function],
    "simulateEvent": [Function],
    "unmount": [Function],
  },
  Symbol(enzyme.__node__): Object {
    "instance": null,
    "key": undefined,
    "nodeType": "host",
    "props": Object {
      "children": Array [
        <div
          className={undefined}>
          <div>
                    <span>
                              Theodore Roosevelt
                    </span>
          </div>
          <div>
                    <small>
                               
                              123
                                friends in common
                    </small>
                    <br />
                    <i
                              className="fa fa-male" />
                    <small>
                               
                              Male
                               
                    </small>
          </div>
</div>,
        <div
          className={undefined}>
          <button
                    className="btn btn-default undefined"
                    onClick={[Function]}>
                    <i
                              className="fa fa-star" />
          </button>
          <button
                    className="btn btn-default undefined"
                    onClick={[Function]}>
                    <i
                              className="fa fa-trash" />
          </button>
</div>,
      ],
      "className": undefined,
    },
    "ref": null,
    "rendered": Array [
      Object {
        "instance": null,
        "key": undefined,
        "nodeType": "host",
        "props": Object {
          "children": Array [
            <div>
              <span>
                            Theodore Roosevelt
              </span>
</div>,
            <div>
              <small>
                             
                            123
                              friends in common
              </small>
              <br />
              <i
                            className="fa fa-male" />
              <small>
                             
                            Male
                             
              </small>
</div>,
          ],
          "className": undefined,
        },
        "ref": null,
        "rendered": Array [
          Object {
            "instance": null,
            "key": undefined,
            "nodeType": "host",
            "props": Object {
              "children": <span>
                Theodore Roosevelt
</span>,
            },
            "ref": null,
            "rendered": Object {
              "instance": null,
              "key": undefined,
              "nodeType": "host",
              "props": Object {
                "children": "Theodore Roosevelt",
              },
              "ref": null,
              "rendered": "Theodore Roosevelt",
              "type": "span",
            },
            "type": "div",
          },
          Object {
            "instance": null,
            "key": undefined,
            "nodeType": "host",
            "props": Object {
              "children": Array [
                <small>
                   
                  123
                    friends in common
</small>,
                <br />,
                <i
                  className="fa fa-male" />,
                <small>
                   
                  Male
                   
</small>,
              ],
            },
            "ref": null,
            "rendered": Array [
              Object {
                "instance": null,
                "key": undefined,
                "nodeType": "host",
                "props": Object {
                  "children": Array [
                    " ",
                    123,
                    "  friends in common",
                  ],
                },
                "ref": null,
                "rendered": Array [
                  " ",
                  123,
                  "  friends in common",
                ],
                "type": "small",
              },
              Object {
                "instance": null,
                "key": undefined,
                "nodeType": "host",
                "props": Object {},
                "ref": null,
                "rendered": null,
                "type": "br",
              },
              Object {
                "instance": null,
                "key": undefined,
                "nodeType": "host",
                "props": Object {
                  "className": "fa fa-male",
                },
                "ref": null,
                "rendered": null,
                "type": "i",
              },
              Object {
                "instance": null,
                "key": undefined,
                "nodeType": "host",
                "props": Object {
                  "children": Array [
                    " ",
                    "Male",
                    " ",
                  ],
                },
                "ref": null,
                "rendered": Array [
                  " ",
                  "Male",
                  " ",
                ],
                "type": "small",
              },
            ],
            "type": "div",
          },
        ],
        "type": "div",
      },
      Object {
        "instance": null,
        "key": undefined,
        "nodeType": "host",
        "props": Object {
          "children": Array [
            <button
              className="btn btn-default undefined"
              onClick={[Function]}>
              <i
                            className="fa fa-star" />
</button>,
            <button
              className="btn btn-default undefined"
              onClick={[Function]}>
              <i
                            className="fa fa-trash" />
</button>,
          ],
          "className": undefined,
        },
        "ref": null,
        "rendered": Array [
          Object {
            "instance": null,
            "key": undefined,
            "nodeType": "host",
            "props": Object {
              "children": <i
                className="fa fa-star" />,
              "className": "btn btn-default undefined",
              "onClick": [Function],
            },
            "ref": null,
            "rendered": Object {
              "instance": null,
              "key": undefined,
              "nodeType": "host",
              "props": Object {
                "className": "fa fa-star",
              },
              "ref": null,
              "rendered": null,
              "type": "i",
            },
            "type": "button",
          },
          Object {
            "instance": null,
            "key": undefined,
            "nodeType": "host",
            "props": Object {
              "children": <i
                className="fa fa-trash" />,
              "className": "btn btn-default undefined",
              "onClick": [Function],
            },
            "ref": null,
            "rendered": Object {
              "instance": null,
              "key": undefined,
              "nodeType": "host",
              "props": Object {
                "className": "fa fa-trash",
              },
              "ref": null,
              "rendered": null,
              "type": "i",
            },
            "type": "button",
          },
        ],
        "type": "div",
      },
    ],
    "type": "li",
  },
  Symbol(enzyme.__nodes__): Array [
    Object {
      "instance": null,
      "key": undefined,
      "nodeType": "host",
      "props": Object {
        "children": Array [
          <div
            className={undefined}>
            <div>
                        <span>
                                    Theodore Roosevelt
                        </span>
            </div>
            <div>
                        <small>
                                     
                                    123
                                      friends in common
                        </small>
                        <br />
                        <i
                                    className="fa fa-male" />
                        <small>
                                     
                                    Male
                                     
                        </small>
            </div>
</div>,
          <div
            className={undefined}>
            <button
                        className="btn btn-default undefined"
                        onClick={[Function]}>
                        <i
                                    className="fa fa-star" />
            </button>
            <button
                        className="btn btn-default undefined"
                        onClick={[Function]}>
                        <i
                                    className="fa fa-trash" />
            </button>
</div>,
        ],
        "className": undefined,
      },
      "ref": null,
      "rendered": Array [
        Object {
          "instance": null,
          "key": undefined,
          "nodeType": "host",
          "props": Object {
            "children": Array [
              <div>
                <span>
                                Theodore Roosevelt
                </span>
</div>,
              <div>
                <small>
                                 
                                123
                                  friends in common
                </small>
                <br />
                <i
                                className="fa fa-male" />
                <small>
                                 
                                Male
                                 
                </small>
</div>,
            ],
            "className": undefined,
          },
          "ref": null,
          "rendered": Array [
            Object {
              "instance": null,
              "key": undefined,
              "nodeType": "host",
              "props": Object {
                "children": <span>
                  Theodore Roosevelt
</span>,
              },
              "ref": null,
              "rendered": Object {
                "instance": null,
                "key": undefined,
                "nodeType": "host",
                "props": Object {
                  "children": "Theodore Roosevelt",
                },
                "ref": null,
                "rendered": "Theodore Roosevelt",
                "type": "span",
              },
              "type": "div",
            },
            Object {
              "instance": null,
              "key": undefined,
              "nodeType": "host",
              "props": Object {
                "children": Array [
                  <small>
                     
                    123
                      friends in common
</small>,
                  <br />,
                  <i
                    className="fa fa-male" />,
                  <small>
                     
                    Male
                     
</small>,
                ],
              },
              "ref": null,
              "rendered": Array [
                Object {
                  "instance": null,
                  "key": undefined,
                  "nodeType": "host",
                  "props": Object {
                    "children": Array [
                      " ",
                      123,
                      "  friends in common",
                    ],
                  },
                  "ref": null,
                  "rendered": Array [
                    " ",
                    123,
                    "  friends in common",
                  ],
                  "type": "small",
                },
                Object {
                  "instance": null,
                  "key": undefined,
                  "nodeType": "host",
                  "props": Object {},
                  "ref": null,
                  "rendered": null,
                  "type": "br",
                },
                Object {
                  "instance": null,
                  "key": undefined,
                  "nodeType": "host",
                  "props": Object {
                    "className": "fa fa-male",
                  },
                  "ref": null,
                  "rendered": null,
                  "type": "i",
                },
                Object {
                  "instance": null,
                  "key": undefined,
                  "nodeType": "host",
                  "props": Object {
                    "children": Array [
                      " ",
                      "Male",
                      " ",
                    ],
                  },
                  "ref": null,
                  "rendered": Array [
                    " ",
                    "Male",
                    " ",
                  ],
                  "type": "small",
                },
              ],
              "type": "div",
            },
          ],
          "type": "div",
        },
        Object {
          "instance": null,
          "key": undefined,
          "nodeType": "host",
          "props": Object {
            "children": Array [
              <button
                className="btn btn-default undefined"
                onClick={[Function]}>
                <i
                                className="fa fa-star" />
</button>,
              <button
                className="btn btn-default undefined"
                onClick={[Function]}>
                <i
                                className="fa fa-trash" />
</button>,
            ],
            "className": undefined,
          },
          "ref": null,
          "rendered": Array [
            Object {
              "instance": null,
              "key": undefined,
              "nodeType": "host",
              "props": Object {
                "children": <i
                  className="fa fa-star" />,
                "className": "btn btn-default undefined",
                "onClick": [Function],
              },
              "ref": null,
              "rendered": Object {
                "instance": null,
                "key": undefined,
                "nodeType": "host",
                "props": Object {
                  "className": "fa fa-star",
                },
                "ref": null,
                "rendered": null,
                "type": "i",
              },
              "type": "button",
            },
            Object {
              "instance": null,
              "key": undefined,
              "nodeType": "host",
              "props": Object {
                "children": <i
                  className="fa fa-trash" />,
                "className": "btn btn-default undefined",
                "onClick": [Function],
              },
              "ref": null,
              "rendered": Object {
                "instance": null,
                "key": undefined,
                "nodeType": "host",
                "props": Object {
                  "className": "fa fa-trash",
                },
                "ref": null,
                "rendered": null,
                "type": "i",
              },
              "type": "button",
            },
          ],
          "type": "div",
        },
      ],
      "type": "li",
    },
  ],
  Symbol(enzyme.__options__): Object {
    "adapter": ReactSixteenAdapter {
      "options": Object {
        "enableComponentDidUpdateOnSetState": true,
        "legacyContextMode": "parent",
        "lifecycles": Object {
          "componentDidUpdate": Object {
            "onSetState": true,
          },
          "getChildContext": Object {
            "calledByRenderer": false,
          },
          "getDerivedStateFromProps": true,
          "getSnapshotBeforeUpdate": true,
          "setState": Object {
            "skipsComponentDidUpdateOnNullish": true,
          },
        },
      },
    },
  },
}
`;
